2025-12-31 12:54:40.186 [info] Reading sessions from keychain...
2025-12-31 12:54:40.186 [info] Getting sessions for all scopes...
2025-12-31 12:54:40.186 [info] Got stored sessions!
2025-12-31 12:54:40.186 [info] Got 1 verified sessions.
2025-12-31 12:54:40.187 [info] Got 1 sessions for ...
2025-12-31 12:54:40.187 [info] Getting sessions for all scopes...
2025-12-31 12:54:40.187 [info] Got 1 sessions for ...
2025-12-31 12:54:40.187 [info] Getting sessions for all scopes...
2025-12-31 12:54:40.187 [info] Got 1 sessions for ...
2025-12-31 12:54:40.187 [info] Getting sessions for all scopes...
2025-12-31 12:54:40.187 [info] Got 1 sessions for ...
2025-12-31 12:54:40.187 [info] Getting sessions for all scopes...
2025-12-31 12:54:40.187 [info] Got 1 sessions for ...
2025-12-31 12:54:40.187 [info] Getting sessions for all scopes...
2025-12-31 12:54:40.187 [info] Got 1 sessions for ...
2025-12-31 12:54:40.187 [info] Getting sessions for all scopes...
2025-12-31 12:54:40.187 [info] Got 1 sessions for ...
2025-12-31 12:54:40.187 [info] Getting sessions for all scopes...
2025-12-31 12:54:40.187 [info] Got 1 sessions for ...
2025-12-31 12:54:40.201 [info] Getting sessions for all scopes...
2025-12-31 12:54:40.202 [info] Got 1 sessions for ...
2025-12-31 12:54:40.224 [info] Getting sessions for all scopes...
2025-12-31 12:54:40.225 [info] Got 1 sessions for ...
2025-12-31 12:54:40.233 [info] Getting sessions for all scopes...
2025-12-31 12:54:40.233 [info] Got 1 sessions for ...
2025-12-31 12:54:40.239 [info] Getting sessions for all scopes...
2025-12-31 12:54:40.239 [info] Got 1 sessions for ...
2025-12-31 12:54:40.241 [info] Getting sessions for all scopes...
2025-12-31 12:54:40.241 [info] Got 1 sessions for ...
2025-12-31 12:54:40.242 [info] Getting sessions for all scopes...
2025-12-31 12:54:40.242 [info] Got 1 sessions for ...
2025-12-31 12:54:41.637 [info] FetcherService: Electron fetch failed with status: 429 
2025-12-31 12:54:43.795 [info] Getting sessions for all scopes...
2025-12-31 12:54:43.795 [info] Got 1 sessions for ...
2025-12-31 12:54:47.425 [info] FetcherService: Node fetch failed with status: 429 Too Many Requests
2025-12-31 12:54:47.516 [info] Getting sessions for user:email...
2025-12-31 12:54:47.517 [info] Got 1 sessions for user:email...
2025-12-31 12:54:48.281 [info] FetcherService: Node http/s failed with status: 429 Too Many Requests
2025-12-31 12:54:51.069 [info] Getting sessions for all scopes...
2025-12-31 12:54:51.069 [info] Got 1 sessions for ...
