2025-12-24 18:55:08.900 [info] Reading sessions from keychain...
2025-12-24 18:55:08.900 [info] Getting sessions for all scopes...
2025-12-24 18:55:10.749 [info] Got stored sessions!
2025-12-24 18:55:10.749 [info] Got 1 verified sessions.
2025-12-24 18:55:10.750 [info] Got 1 sessions for ...
2025-12-24 18:55:10.751 [info] Getting sessions for all scopes...
2025-12-24 18:55:10.751 [info] Got 1 sessions for ...
2025-12-24 18:55:10.751 [info] Getting sessions for user:email...
2025-12-24 18:55:10.752 [info] Got 1 sessions for user:email...
2025-12-24 18:55:10.753 [info] Getting sessions for all scopes...
2025-12-24 18:55:10.753 [info] Got 1 sessions for ...
2025-12-24 18:55:10.753 [info] Getting sessions for all scopes...
2025-12-24 18:55:10.754 [info] Got 1 sessions for ...
2025-12-24 18:55:10.754 [info] Getting sessions for all scopes...
2025-12-24 18:55:10.754 [info] Got 1 sessions for ...
2025-12-24 18:55:10.756 [info] Getting sessions for all scopes...
2025-12-24 18:55:10.756 [info] Got 1 sessions for ...
2025-12-24 18:55:10.757 [info] Getting sessions for all scopes...
2025-12-24 18:55:10.757 [info] Got 1 sessions for ...
2025-12-24 18:55:10.759 [info] Getting sessions for all scopes...
2025-12-24 18:55:10.759 [info] Got 1 sessions for ...
2025-12-24 18:55:11.893 [info] Getting sessions for all scopes...
2025-12-24 18:55:11.893 [info] Got 1 sessions for ...
2025-12-24 18:55:11.894 [info] Getting sessions for all scopes...
2025-12-24 18:55:11.894 [info] Got 1 sessions for ...
2025-12-24 18:55:11.896 [info] Getting sessions for all scopes...
2025-12-24 18:55:11.896 [info] Got 1 sessions for ...
2025-12-24 18:55:11.897 [info] Getting sessions for all scopes...
2025-12-24 18:55:11.897 [info] Got 1 sessions for ...
2025-12-24 18:55:11.898 [info] Getting sessions for all scopes...
2025-12-24 18:55:11.898 [info] Got 1 sessions for ...
2025-12-24 18:55:11.899 [info] Getting sessions for all scopes...
2025-12-24 18:55:11.899 [info] Got 1 sessions for ...
2025-12-24 18:55:14.483 [info] FetcherService: Electron fetch failed with status: 429 
2025-12-24 18:55:20.684 [info] FetcherService: Node fetch failed with status: 429 Too Many Requests
2025-12-24 18:55:21.299 [info] FetcherService: Node http/s failed with status: 429 Too Many Requests
2025-12-24 18:55:31.249 [info] Getting sessions for all scopes...
2025-12-24 18:55:31.249 [info] Got 1 sessions for ...
2025-12-24 18:55:55.755 [info] Getting sessions for all scopes...
2025-12-24 18:55:55.756 [info] Got 1 sessions for ...
