2025-12-31 12:46:55.434 [info] Reading sessions from keychain...
2025-12-31 12:46:55.434 [info] Getting sessions for all scopes...
2025-12-31 12:46:55.434 [info] Got stored sessions!
2025-12-31 12:46:55.434 [info] Got 1 verified sessions.
2025-12-31 12:46:55.434 [info] Got 1 sessions for ...
2025-12-31 12:46:55.434 [info] Getting sessions for all scopes...
2025-12-31 12:46:55.434 [info] Got 1 sessions for ...
2025-12-31 12:46:55.434 [info] Getting sessions for all scopes...
2025-12-31 12:46:55.434 [info] Got 1 sessions for ...
2025-12-31 12:46:55.434 [info] Getting sessions for all scopes...
2025-12-31 12:46:55.434 [info] Got 1 sessions for ...
2025-12-31 12:46:55.434 [info] Getting sessions for all scopes...
2025-12-31 12:46:55.434 [info] Got 1 sessions for ...
2025-12-31 12:46:55.434 [info] Getting sessions for all scopes...
2025-12-31 12:46:55.434 [info] Got 1 sessions for ...
2025-12-31 12:46:55.434 [info] Getting sessions for all scopes...
2025-12-31 12:46:55.435 [info] Got 1 sessions for ...
2025-12-31 12:46:55.435 [info] Getting sessions for all scopes...
2025-12-31 12:46:55.435 [info] Got 1 sessions for ...
2025-12-31 12:46:55.435 [info] Getting sessions for all scopes...
2025-12-31 12:46:55.435 [info] Got 1 sessions for ...
2025-12-31 12:46:55.435 [info] Getting sessions for all scopes...
2025-12-31 12:46:55.435 [info] Got 1 sessions for ...
2025-12-31 12:46:55.435 [info] Getting sessions for all scopes...
2025-12-31 12:46:55.435 [info] Got 1 sessions for ...
2025-12-31 12:46:55.435 [info] Getting sessions for all scopes...
2025-12-31 12:46:55.435 [info] Got 1 sessions for ...
2025-12-31 12:46:55.435 [info] Getting sessions for all scopes...
2025-12-31 12:46:55.435 [info] Got 1 sessions for ...
2025-12-31 12:46:55.435 [info] Getting sessions for all scopes...
2025-12-31 12:46:55.435 [info] Got 1 sessions for ...
2025-12-31 12:46:58.718 [info] Getting sessions for all scopes...
2025-12-31 12:46:58.718 [info] Got 1 sessions for ...
2025-12-31 12:46:58.744 [info] FetcherService: Electron fetch failed with status: 429 
2025-12-31 12:47:00.935 [info] FetcherService: Node fetch failed with status: 429 Too Many Requests
2025-12-31 12:47:02.372 [info] FetcherService: Node http/s failed with status: 429 Too Many Requests
2025-12-31 12:47:02.846 [info] Getting sessions for user:email...
2025-12-31 12:47:02.846 [info] Got 1 sessions for user:email...
2025-12-31 12:47:06.939 [info] Getting sessions for all scopes...
2025-12-31 12:47:06.939 [info] Got 1 sessions for ...
