2025-12-24 18:29:20.891 [info] Reading sessions from keychain...
2025-12-24 18:29:20.891 [info] Getting sessions for all scopes...
2025-12-24 18:29:20.999 [info] Got stored sessions!
2025-12-24 18:29:20.999 [info] Got 1 verified sessions.
2025-12-24 18:29:21.000 [info] Got 1 sessions for ...
2025-12-24 18:29:21.003 [info] Getting sessions for all scopes...
2025-12-24 18:29:21.003 [info] Got 1 sessions for ...
2025-12-24 18:29:21.004 [info] Getting sessions for all scopes...
2025-12-24 18:29:21.004 [info] Got 1 sessions for ...
2025-12-24 18:29:21.005 [info] Getting sessions for all scopes...
2025-12-24 18:29:21.005 [info] Got 1 sessions for ...
2025-12-24 18:29:21.005 [info] Getting sessions for all scopes...
2025-12-24 18:29:21.005 [info] Got 1 sessions for ...
2025-12-24 18:29:21.006 [info] Getting sessions for all scopes...
2025-12-24 18:29:21.006 [info] Got 1 sessions for ...
2025-12-24 18:29:21.007 [info] Getting sessions for all scopes...
2025-12-24 18:29:21.007 [info] Got 1 sessions for ...
2025-12-24 18:29:21.008 [info] Getting sessions for all scopes...
2025-12-24 18:29:21.008 [info] Got 1 sessions for ...
2025-12-24 18:29:21.009 [info] Getting sessions for all scopes...
2025-12-24 18:29:21.009 [info] Got 1 sessions for ...
2025-12-24 18:29:21.228 [info] Getting sessions for all scopes...
2025-12-24 18:29:21.228 [info] Got 1 sessions for ...
2025-12-24 18:29:21.231 [info] Getting sessions for all scopes...
2025-12-24 18:29:21.231 [info] Got 1 sessions for ...
2025-12-24 18:29:21.232 [info] Getting sessions for all scopes...
2025-12-24 18:29:21.233 [info] Got 1 sessions for ...
2025-12-24 18:29:21.234 [info] Getting sessions for all scopes...
2025-12-24 18:29:21.234 [info] Got 1 sessions for ...
2025-12-24 18:29:21.235 [info] Getting sessions for all scopes...
2025-12-24 18:29:21.235 [info] Got 1 sessions for ...
2025-12-24 18:29:21.236 [info] Getting sessions for all scopes...
2025-12-24 18:29:21.237 [info] Got 1 sessions for ...
2025-12-24 18:29:23.074 [info] FetcherService: Electron fetch failed with status: 429 
2025-12-24 18:29:25.087 [info] Getting sessions for user:email...
2025-12-24 18:29:25.087 [info] Got 1 sessions for user:email...
2025-12-24 18:29:26.465 [info] FetcherService: Node fetch failed with status: 429 Too Many Requests
2025-12-24 18:29:27.078 [info] FetcherService: Node http/s failed with status: 429 Too Many Requests
2025-12-24 18:29:29.589 [info] Getting sessions for all scopes...
2025-12-24 18:29:29.589 [info] Got 1 sessions for ...
2025-12-24 18:33:14.245 [info] Reading sessions from keychain...
2025-12-24 18:33:14.245 [info] Getting sessions for all scopes...
2025-12-24 18:33:14.247 [info] Got stored sessions!
2025-12-24 18:33:14.247 [info] Got 1 verified sessions.
2025-12-24 18:33:14.248 [info] Got 1 sessions for ...
2025-12-24 18:33:14.249 [info] Getting sessions for all scopes...
2025-12-24 18:33:14.249 [info] Got 1 sessions for ...
2025-12-24 18:33:14.250 [info] Getting sessions for all scopes...
2025-12-24 18:33:14.250 [info] Got 1 sessions for ...
2025-12-24 18:33:14.251 [info] Getting sessions for all scopes...
2025-12-24 18:33:14.251 [info] Got 1 sessions for ...
2025-12-24 18:33:14.252 [info] Getting sessions for all scopes...
2025-12-24 18:33:14.252 [info] Got 1 sessions for ...
2025-12-24 18:33:14.253 [info] Getting sessions for all scopes...
2025-12-24 18:33:14.253 [info] Got 1 sessions for ...
2025-12-24 18:33:14.254 [info] Getting sessions for all scopes...
2025-12-24 18:33:14.254 [info] Got 1 sessions for ...
2025-12-24 18:33:14.255 [info] Getting sessions for all scopes...
2025-12-24 18:33:14.255 [info] Got 1 sessions for ...
2025-12-24 18:33:14.256 [info] Getting sessions for all scopes...
2025-12-24 18:33:14.256 [info] Got 1 sessions for ...
2025-12-24 18:33:14.282 [info] Getting sessions for all scopes...
2025-12-24 18:33:14.282 [info] Got 1 sessions for ...
2025-12-24 18:33:14.294 [info] Getting sessions for all scopes...
2025-12-24 18:33:14.294 [info] Got 1 sessions for ...
2025-12-24 18:33:14.295 [info] Getting sessions for all scopes...
2025-12-24 18:33:14.295 [info] Got 1 sessions for ...
2025-12-24 18:33:14.297 [info] Getting sessions for all scopes...
2025-12-24 18:33:14.297 [info] Got 1 sessions for ...
2025-12-24 18:33:14.300 [info] Getting sessions for all scopes...
2025-12-24 18:33:14.301 [info] Got 1 sessions for ...
2025-12-24 18:33:14.302 [info] Getting sessions for all scopes...
2025-12-24 18:33:14.302 [info] Got 1 sessions for ...
2025-12-24 18:33:16.478 [info] Getting sessions for user:email...
2025-12-24 18:33:16.478 [info] Got 1 sessions for user:email...
2025-12-24 18:33:17.130 [info] FetcherService: Electron fetch failed with status: 429 
2025-12-24 18:33:19.051 [info] FetcherService: Node fetch failed with status: 429 Too Many Requests
2025-12-24 18:33:19.693 [info] FetcherService: Node http/s failed with status: 429 Too Many Requests
2025-12-24 18:33:22.891 [info] Getting sessions for all scopes...
2025-12-24 18:33:22.891 [info] Got 1 sessions for ...
2025-12-24 18:35:21.300 [info] Reading sessions from keychain...
2025-12-24 18:35:21.317 [info] Getting sessions for all scopes...
2025-12-24 18:35:21.317 [info] Got stored sessions!
2025-12-24 18:35:21.317 [info] Got 1 verified sessions.
2025-12-24 18:35:21.317 [info] Got 1 sessions for ...
2025-12-24 18:35:21.317 [info] Getting sessions for all scopes...
2025-12-24 18:35:21.317 [info] Got 1 sessions for ...
2025-12-24 18:35:21.317 [info] Getting sessions for all scopes...
2025-12-24 18:35:21.317 [info] Got 1 sessions for ...
2025-12-24 18:35:21.318 [info] Getting sessions for all scopes...
2025-12-24 18:35:21.318 [info] Got 1 sessions for ...
2025-12-24 18:35:21.318 [info] Getting sessions for all scopes...
2025-12-24 18:35:21.318 [info] Got 1 sessions for ...
2025-12-24 18:35:21.318 [info] Getting sessions for all scopes...
2025-12-24 18:35:21.318 [info] Got 1 sessions for ...
2025-12-24 18:35:21.318 [info] Getting sessions for all scopes...
2025-12-24 18:35:21.318 [info] Got 1 sessions for ...
2025-12-24 18:35:21.318 [info] Getting sessions for all scopes...
2025-12-24 18:35:21.318 [info] Got 1 sessions for ...
2025-12-24 18:35:21.318 [info] Getting sessions for all scopes...
2025-12-24 18:35:21.318 [info] Got 1 sessions for ...
2025-12-24 18:35:21.318 [info] Getting sessions for all scopes...
2025-12-24 18:35:21.318 [info] Got 1 sessions for ...
2025-12-24 18:35:21.318 [info] Getting sessions for all scopes...
2025-12-24 18:35:21.318 [info] Got 1 sessions for ...
2025-12-24 18:35:21.318 [info] Getting sessions for all scopes...
2025-12-24 18:35:21.318 [info] Got 1 sessions for ...
2025-12-24 18:35:21.318 [info] Getting sessions for all scopes...
2025-12-24 18:35:21.318 [info] Got 1 sessions for ...
2025-12-24 18:35:21.318 [info] Getting sessions for all scopes...
2025-12-24 18:35:21.318 [info] Got 1 sessions for ...
2025-12-24 18:35:21.783 [info] Getting sessions for all scopes...
2025-12-24 18:35:21.783 [info] Got 1 sessions for ...
2025-12-24 18:35:23.245 [info] FetcherService: Electron fetch failed with status: 429 
2025-12-24 18:35:25.784 [info] Getting sessions for user:email...
2025-12-24 18:35:25.785 [info] Got 1 sessions for user:email...
2025-12-24 18:35:26.444 [info] FetcherService: Node fetch failed with status: 429 Too Many Requests
2025-12-24 18:35:27.658 [info] FetcherService: Node http/s failed with status: 429 Too Many Requests
2025-12-24 18:35:28.635 [info] Getting sessions for all scopes...
2025-12-24 18:35:28.635 [info] Got 1 sessions for ...
2025-12-24 18:36:51.257 [info] Getting sessions for all scopes...
2025-12-24 18:36:51.261 [info] Got 1 sessions for ...
2025-12-24 18:36:51.263 [info] Getting sessions for all scopes...
2025-12-24 18:36:51.264 [info] Got 1 sessions for ...
2025-12-24 18:36:51.363 [info] Getting sessions for read:user,repo,user:email,workflow...
2025-12-24 18:36:51.363 [info] Got 0 sessions for read:user,repo,user:email,workflow...
2025-12-24 18:36:51.405 [info] Getting sessions for user:email...
2025-12-24 18:36:51.406 [info] Got 1 sessions for user:email...
2025-12-24 18:36:52.552 [info] Getting sessions for read:user,repo,user:email,workflow...
2025-12-24 18:36:52.552 [info] Got 0 sessions for read:user,repo,user:email,workflow...
2025-12-24 18:36:52.679 [info] Getting sessions for all scopes...
2025-12-24 18:36:52.679 [info] Got 1 sessions for ...
2025-12-24 18:36:55.227 [info] Getting sessions for all scopes...
2025-12-24 18:36:55.227 [info] Got 1 sessions for ...
2025-12-24 18:36:57.053 [info] Getting sessions for read:user,repo,user:email,workflow...
2025-12-24 18:36:57.053 [info] Got 0 sessions for read:user,repo,user:email,workflow...
2025-12-24 18:36:57.132 [info] Getting sessions for user:email...
2025-12-24 18:36:57.132 [info] Got 1 sessions for user:email...
2025-12-24 18:36:57.148 [info] Getting sessions for user:email...
2025-12-24 18:36:57.148 [info] Got 1 sessions for user:email...
2025-12-24 18:36:58.036 [info] Getting sessions for all scopes...
2025-12-24 18:36:58.036 [info] Got 1 sessions for ...
2025-12-24 18:36:58.038 [info] Getting sessions for all scopes...
2025-12-24 18:36:58.038 [info] Got 1 sessions for ...
2025-12-24 18:36:58.046 [info] Getting sessions for read:user,repo,user:email,workflow...
2025-12-24 18:36:58.047 [info] Got 0 sessions for read:user,repo,user:email,workflow...
2025-12-24 18:36:58.059 [info] Getting sessions for user:email...
2025-12-24 18:36:58.059 [info] Got 1 sessions for user:email...
2025-12-24 18:36:58.060 [info] Getting sessions for read:user,repo,user:email,workflow...
2025-12-24 18:36:58.060 [info] Got 0 sessions for read:user,repo,user:email,workflow...
2025-12-24 18:36:59.485 [info] Getting sessions for all scopes...
2025-12-24 18:36:59.485 [info] Got 1 sessions for ...
2025-12-24 18:36:59.524 [info] Getting sessions for all scopes...
2025-12-24 18:36:59.524 [info] Got 1 sessions for ...
2025-12-24 18:36:59.602 [info] Getting sessions for all scopes...
2025-12-24 18:36:59.603 [info] Got 1 sessions for ...
2025-12-24 18:36:59.814 [info] Getting sessions for all scopes...
2025-12-24 18:36:59.814 [info] Got 1 sessions for ...
2025-12-24 18:37:01.243 [info] Getting sessions for read:user,repo,user:email,workflow...
2025-12-24 18:37:01.243 [info] Got 0 sessions for read:user,repo,user:email,workflow...
2025-12-24 18:37:04.229 [info] Getting sessions for user:email...
2025-12-24 18:37:04.229 [info] Got 1 sessions for user:email...
2025-12-24 18:37:04.232 [info] Getting sessions for read:user,repo,user:email,workflow...
2025-12-24 18:37:04.232 [info] Got 0 sessions for read:user,repo,user:email,workflow...
2025-12-24 18:37:04.240 [info] Getting sessions for all scopes...
2025-12-24 18:37:04.241 [info] Got 1 sessions for ...
2025-12-24 18:37:04.417 [info] Getting sessions for all scopes...
2025-12-24 18:37:04.417 [info] Got 1 sessions for ...
2025-12-24 18:37:04.473 [info] Getting sessions for all scopes...
2025-12-24 18:37:04.473 [info] Got 1 sessions for ...
2025-12-24 18:37:04.494 [info] Getting sessions for read:user,repo,user:email,workflow...
2025-12-24 18:37:04.494 [info] Got 0 sessions for read:user,repo,user:email,workflow...
2025-12-24 18:37:04.785 [info] Getting sessions for user:email...
2025-12-24 18:37:04.786 [info] Got 1 sessions for user:email...
2025-12-24 18:37:05.188 [info] Getting sessions for all scopes...
2025-12-24 18:37:05.188 [info] Got 1 sessions for ...
2025-12-24 18:37:05.273 [info] Getting sessions for all scopes...
2025-12-24 18:37:05.274 [info] Got 1 sessions for ...
