2025-12-23 21:11:50.240 [info] Reading sessions from keychain...
2025-12-23 21:11:50.240 [info] Getting sessions for all scopes...
2025-12-23 21:11:52.063 [info] Got stored sessions!
2025-12-23 21:11:52.064 [info] Got 1 verified sessions.
2025-12-23 21:11:52.064 [info] Got 1 sessions for ...
2025-12-23 21:11:52.065 [info] Getting sessions for all scopes...
2025-12-23 21:11:52.065 [info] Got 1 sessions for ...
2025-12-23 21:11:52.066 [info] Getting sessions for all scopes...
2025-12-23 21:11:52.067 [info] Got 1 sessions for ...
2025-12-23 21:11:52.067 [info] Getting sessions for all scopes...
2025-12-23 21:11:52.067 [info] Got 1 sessions for ...
2025-12-23 21:11:52.069 [info] Getting sessions for all scopes...
2025-12-23 21:11:52.069 [info] Got 1 sessions for ...
2025-12-23 21:11:52.070 [info] Getting sessions for all scopes...
2025-12-23 21:11:52.071 [info] Got 1 sessions for ...
2025-12-23 21:11:52.071 [info] Getting sessions for all scopes...
2025-12-23 21:11:52.072 [info] Got 1 sessions for ...
2025-12-23 21:11:52.073 [info] Getting sessions for all scopes...
2025-12-23 21:11:52.073 [info] Got 1 sessions for ...
2025-12-23 21:11:52.074 [info] Getting sessions for all scopes...
2025-12-23 21:11:52.074 [info] Got 1 sessions for ...
2025-12-23 21:11:52.075 [info] Getting sessions for all scopes...
2025-12-23 21:11:52.075 [info] Got 1 sessions for ...
2025-12-23 21:11:52.077 [info] Getting sessions for all scopes...
2025-12-23 21:11:52.077 [info] Got 1 sessions for ...
2025-12-23 21:11:52.078 [info] Getting sessions for all scopes...
2025-12-23 21:11:52.078 [info] Got 1 sessions for ...
2025-12-23 21:11:52.146 [info] Getting sessions for all scopes...
2025-12-23 21:11:52.146 [info] Got 1 sessions for ...
2025-12-23 21:11:52.151 [info] Getting sessions for all scopes...
2025-12-23 21:11:52.151 [info] Got 1 sessions for ...
2025-12-23 21:11:52.152 [info] Getting sessions for all scopes...
2025-12-23 21:11:52.152 [info] Got 1 sessions for ...
2025-12-23 21:11:52.154 [info] Getting sessions for all scopes...
2025-12-23 21:11:52.154 [info] Got 1 sessions for ...
2025-12-23 21:11:52.155 [info] Getting sessions for all scopes...
2025-12-23 21:11:52.155 [info] Got 1 sessions for ...
2025-12-23 21:11:52.156 [info] Getting sessions for all scopes...
2025-12-23 21:11:52.157 [info] Got 1 sessions for ...
2025-12-23 21:11:52.175 [info] Getting sessions for read:user,repo,user:email,workflow...
2025-12-23 21:11:52.176 [info] Got 0 sessions for read:user,repo,user:email,workflow...
2025-12-23 21:11:52.188 [info] Getting sessions for user:email...
2025-12-23 21:11:52.188 [info] Got 1 sessions for user:email...
2025-12-23 21:11:52.190 [info] Getting sessions for read:user,repo,user:email,workflow...
2025-12-23 21:11:52.190 [info] Got 0 sessions for read:user,repo,user:email,workflow...
2025-12-23 21:11:56.725 [info] FetcherService: Electron fetch failed with status: 429 
2025-12-23 21:11:58.020 [info] Getting sessions for all scopes...
2025-12-23 21:11:58.020 [info] Got 1 sessions for ...
2025-12-23 21:11:58.023 [info] Getting sessions for all scopes...
2025-12-23 21:11:58.023 [info] Got 1 sessions for ...
2025-12-23 21:11:58.096 [info] Getting sessions for user:email...
2025-12-23 21:11:58.096 [info] Got 1 sessions for user:email...
2025-12-23 21:11:59.444 [info] Getting sessions for all scopes...
2025-12-23 21:11:59.444 [info] Got 1 sessions for ...
2025-12-23 21:12:04.233 [info] Getting sessions for read:user,repo,user:email,workflow...
2025-12-23 21:12:04.234 [info] Got 0 sessions for read:user,repo,user:email,workflow...
2025-12-23 21:12:04.402 [info] Getting sessions for user:email...
2025-12-23 21:12:04.402 [info] Got 1 sessions for user:email...
2025-12-23 21:12:04.560 [info] FetcherService: Node fetch failed with status: 429 Too Many Requests
2025-12-23 21:12:04.689 [info] Getting sessions for user:email...
2025-12-23 21:12:04.689 [info] Got 1 sessions for user:email...
2025-12-23 21:12:04.691 [info] Getting sessions for read:user,repo,user:email,workflow...
2025-12-23 21:12:04.691 [info] Got 0 sessions for read:user,repo,user:email,workflow...
2025-12-23 21:12:06.977 [info] FetcherService: Node http/s failed with status: 429 Too Many Requests
2025-12-23 21:12:07.551 [info] Getting sessions for all scopes...
2025-12-23 21:12:07.551 [info] Got 1 sessions for ...
2025-12-23 21:12:07.584 [info] Getting sessions for all scopes...
2025-12-23 21:12:07.584 [info] Got 1 sessions for ...
2025-12-23 21:12:09.434 [info] Getting sessions for read:user,repo,user:email,workflow...
2025-12-23 21:12:09.435 [info] Got 0 sessions for read:user,repo,user:email,workflow...
2025-12-23 21:12:10.607 [info] Getting sessions for user:email...
2025-12-23 21:12:10.607 [info] Got 1 sessions for user:email...
2025-12-23 21:12:10.612 [info] Getting sessions for read:user,repo,user:email,workflow...
2025-12-23 21:12:10.612 [info] Got 0 sessions for read:user,repo,user:email,workflow...
2025-12-23 21:12:11.549 [info] Getting sessions for all scopes...
2025-12-23 21:12:11.549 [info] Got 1 sessions for ...
2025-12-23 21:12:11.591 [info] Getting sessions for all scopes...
2025-12-23 21:12:11.591 [info] Got 1 sessions for ...
2025-12-23 21:12:11.769 [info] Getting sessions for all scopes...
2025-12-23 21:12:11.769 [info] Got 1 sessions for ...
2025-12-23 21:12:11.848 [info] Getting sessions for all scopes...
2025-12-23 21:12:11.848 [info] Got 1 sessions for ...
2025-12-23 21:12:13.331 [info] Getting sessions for read:user,repo,user:email,workflow...
2025-12-23 21:12:13.331 [info] Got 0 sessions for read:user,repo,user:email,workflow...
2025-12-23 21:12:13.391 [info] Getting sessions for user:email...
2025-12-23 21:12:13.392 [info] Got 1 sessions for user:email...
2025-12-23 21:12:13.395 [info] Getting sessions for read:user,repo,user:email,workflow...
2025-12-23 21:12:13.395 [info] Got 0 sessions for read:user,repo,user:email,workflow...
2025-12-23 21:12:13.440 [info] Getting sessions for all scopes...
2025-12-23 21:12:13.440 [info] Got 1 sessions for ...
2025-12-23 21:12:13.474 [info] Getting sessions for read:user,repo,user:email,workflow...
2025-12-23 21:12:13.477 [info] Got 0 sessions for read:user,repo,user:email,workflow...
2025-12-23 21:12:13.531 [info] Getting sessions for user:email...
2025-12-23 21:12:13.531 [info] Got 1 sessions for user:email...
2025-12-23 21:12:18.126 [info] Getting sessions for all scopes...
2025-12-23 21:12:18.126 [info] Got 1 sessions for ...
