2025-12-24 18:13:20.251 [info] Reading sessions from keychain...
2025-12-24 18:13:20.251 [info] Getting sessions for all scopes...
2025-12-24 18:13:21.047 [info] Got stored sessions!
2025-12-24 18:13:21.050 [info] Got 1 verified sessions.
2025-12-24 18:13:21.050 [info] Got 1 sessions for ...
2025-12-24 18:13:21.051 [info] Getting sessions for all scopes...
2025-12-24 18:13:21.051 [info] Got 1 sessions for ...
2025-12-24 18:13:21.052 [info] Getting sessions for all scopes...
2025-12-24 18:13:21.052 [info] Got 1 sessions for ...
2025-12-24 18:13:21.053 [info] Getting sessions for all scopes...
2025-12-24 18:13:21.053 [info] Got 1 sessions for ...
2025-12-24 18:13:21.054 [info] Getting sessions for all scopes...
2025-12-24 18:13:21.054 [info] Got 1 sessions for ...
2025-12-24 18:13:21.055 [info] Getting sessions for all scopes...
2025-12-24 18:13:21.055 [info] Got 1 sessions for ...
2025-12-24 18:13:21.055 [info] Getting sessions for all scopes...
2025-12-24 18:13:21.055 [info] Got 1 sessions for ...
2025-12-24 18:13:21.056 [info] Getting sessions for all scopes...
2025-12-24 18:13:21.056 [info] Got 1 sessions for ...
2025-12-24 18:13:21.094 [info] Getting sessions for all scopes...
2025-12-24 18:13:21.094 [info] Got 1 sessions for ...
2025-12-24 18:13:21.112 [info] Getting sessions for all scopes...
2025-12-24 18:13:21.113 [info] Got 1 sessions for ...
2025-12-24 18:13:21.118 [info] Getting sessions for all scopes...
2025-12-24 18:13:21.118 [info] Got 1 sessions for ...
2025-12-24 18:13:21.134 [info] Getting sessions for all scopes...
2025-12-24 18:13:21.134 [info] Got 1 sessions for ...
2025-12-24 18:13:21.144 [info] Getting sessions for all scopes...
2025-12-24 18:13:21.144 [info] Got 1 sessions for ...
2025-12-24 18:13:21.150 [info] Getting sessions for all scopes...
2025-12-24 18:13:21.150 [info] Got 1 sessions for ...
2025-12-24 18:13:22.131 [info] Getting sessions for all scopes...
2025-12-24 18:13:22.131 [info] Got 1 sessions for ...
2025-12-24 18:13:22.996 [info] FetcherService: Electron fetch failed with status: 429 
2025-12-24 18:13:25.921 [info] FetcherService: Node fetch failed with status: 429 Too Many Requests
2025-12-24 18:13:26.556 [info] FetcherService: Node http/s failed with status: 429 Too Many Requests
2025-12-24 18:13:30.742 [info] Getting sessions for user:email...
2025-12-24 18:13:30.744 [info] Got 1 sessions for user:email...
2025-12-24 18:13:44.132 [info] Getting sessions for all scopes...
2025-12-24 18:13:44.132 [info] Got 1 sessions for ...
