2025-12-31 23:00:32.087 [info] Reading sessions from keychain...
2025-12-31 23:00:32.087 [info] Getting sessions for all scopes...
2025-12-31 23:00:32.481 [info] Got stored sessions!
2025-12-31 23:00:32.481 [info] Got 1 verified sessions.
2025-12-31 23:00:32.482 [info] Got 1 sessions for ...
2025-12-31 23:00:32.483 [info] Getting sessions for all scopes...
2025-12-31 23:00:32.483 [info] Got 1 sessions for ...
2025-12-31 23:00:32.483 [info] Getting sessions for all scopes...
2025-12-31 23:00:32.484 [info] Got 1 sessions for ...
2025-12-31 23:00:32.484 [info] Getting sessions for all scopes...
2025-12-31 23:00:32.484 [info] Got 1 sessions for ...
2025-12-31 23:00:32.485 [info] Getting sessions for all scopes...
2025-12-31 23:00:32.485 [info] Got 1 sessions for ...
2025-12-31 23:00:32.486 [info] Getting sessions for all scopes...
2025-12-31 23:00:32.486 [info] Got 1 sessions for ...
2025-12-31 23:00:32.487 [info] Getting sessions for all scopes...
2025-12-31 23:00:32.487 [info] Got 1 sessions for ...
2025-12-31 23:00:32.487 [info] Getting sessions for all scopes...
2025-12-31 23:00:32.488 [info] Got 1 sessions for ...
2025-12-31 23:00:32.662 [info] Getting sessions for all scopes...
2025-12-31 23:00:32.662 [info] Got 1 sessions for ...
2025-12-31 23:00:32.671 [info] Getting sessions for all scopes...
2025-12-31 23:00:32.671 [info] Got 1 sessions for ...
2025-12-31 23:00:32.674 [info] Getting sessions for all scopes...
2025-12-31 23:00:32.674 [info] Got 1 sessions for ...
2025-12-31 23:00:32.676 [info] Getting sessions for all scopes...
2025-12-31 23:00:32.677 [info] Got 1 sessions for ...
2025-12-31 23:00:32.679 [info] Getting sessions for all scopes...
2025-12-31 23:00:32.679 [info] Got 1 sessions for ...
2025-12-31 23:00:32.688 [info] Getting sessions for all scopes...
2025-12-31 23:00:32.689 [info] Got 1 sessions for ...
2025-12-31 23:00:33.987 [info] Getting sessions for all scopes...
2025-12-31 23:00:33.987 [info] Got 1 sessions for ...
2025-12-31 23:00:35.117 [info] FetcherService: Electron fetch failed with status: 429 
2025-12-31 23:00:36.979 [info] Getting sessions for user:email...
2025-12-31 23:00:36.980 [info] Got 1 sessions for user:email...
2025-12-31 23:00:38.192 [info] FetcherService: Node fetch failed with status: 429 Too Many Requests
2025-12-31 23:00:38.800 [info] FetcherService: Node http/s failed with status: 429 Too Many Requests
2025-12-31 23:00:42.337 [info] Getting sessions for all scopes...
2025-12-31 23:00:42.337 [info] Got 1 sessions for ...
